// Jest Snapshot v1, https://goo.gl/fbAQLP

exports[`Login container test snapshot test 1`] = `
<div>
  <h1>
     Login 
  </h1>
  <form
    method="POST"
    name="login-form"
  >
    <p
      style={
        Object {
          "color": "red",
          "fontSize": "13px",
        }
      }
    />
    <p>
      Username:
    </p>
    <input
      name="username"
      placeholder="Username"
      type="text"
    />
    <p>
      Password
    </p>
    <input
      name="password"
      placeholder="Password"
      type="password"
    />
    <br />
    <br />
    <input
      type="submit"
      value="Login"
    />
  </form>
</div>
`;
